https://console.idcloudhost.com/

IP : <ip vps kamu>
User : <akun user> (belum full root)
Pass : <password kamu>

Buka ssh config putty gen

Generate usap" di blank page

Save private key

Buat IP jika belum, kalau sudah ada masuk ke network lalu, pilih ip sesuai region

Pada assgn to pilih server yang sudah di build tadi, tunggu sampai cpu turun.

$ sudo apt update
$ sudo apt install net-tools
$ sudo su
$ cd
$ sudo passwd root

pass baru : <...> enter 2 kali

$ nano /etc/ssh/sshd_config

To search for text in nano, press Ctrl-W

scroll ke bawah sendiri copy paste code ini:

# Login tanpa permission key lagi
PermitRootLogin yes
PubkeyAuthentication no
ClientAliveInterval 60
ClientAliveCountMax 120

ctrl+x, y lalu enter

$ systemctl restart ssh

$ exit, exit

Sekarang sudah bisa login dengan root

Jika error hapus saat menggunakan "apt"

$ sudo rm -rf /var/lib/dpkg/lock-frontend
